<html>
<body>
<pre>
<h1>µVision Build Log</h1>
<h2>Project:</h2>
E:\Dropbox\Code\stm32\first\Project\first.uvprojx
Project File Date:  02/27/2014

<h2>Output:</h2>
Rebuild target 'first'
compiling main.c...
compiling stm32l1xx_it.c...
compiling misc.c...
compiling stm32l1xx_adc.c...
compiling stm32l1xx_aes.c...
compiling stm32l1xx_aes_util.c...
compiling stm32l1xx_comp.c...
compiling stm32l1xx_crc.c...
compiling stm32l1xx_dac.c...
compiling stm32l1xx_dbgmcu.c...
compiling stm32l1xx_dma.c...
compiling stm32l1xx_exti.c...
compiling stm32l1xx_flash.c...
compiling stm32l1xx_flash_ramfunc.c...
compiling stm32l1xx_fsmc.c...
compiling stm32l1xx_gpio.c...
compiling stm32l1xx_i2c.c...
compiling stm32l1xx_iwdg.c...
compiling stm32l1xx_lcd.c...
compiling stm32l1xx_opamp.c...
compiling stm32l1xx_pwr.c...
compiling stm32l1xx_rcc.c...
compiling stm32l1xx_rtc.c...
compiling stm32l1xx_sdio.c...
compiling stm32l1xx_spi.c...
compiling stm32l1xx_syscfg.c...
compiling stm32l1xx_tim.c...
compiling stm32l1xx_usart.c...
compiling stm32l1xx_wwdg.c...
assembling startup_stm32l1xx_mdp.s...
compiling system_stm32l1xx.c...
linking...
Program Size: Code=992 RO-data=324 RW-data=36 ZI-data=1636  
FromELF: creating hex file...
"..\Output\first.axf" - 0 Error(s), 0 Warning(s).

<h2>Software Packages used:</h2>

Package Vendor: Keil
                http://www.keil.com/pack/Keil.STM32L1xx_DFP.1.0.1.pack
                Keil::Device:Startup:1.0.0
                STMicroelectronics STM32L1 Series Device Support and Examples
   * Component: Startup Version: 1.0.0

<h2>Collection of Component include folders:</h2>
  E:\Dropbox\Code\stm32\first\Project\RTE
  C:\Keil_v5\ARM\PACK\Keil\STM32L1xx_DFP\1.0.1\Device\Include

<h2>Collection of Component Files used:</h2>

   * Component: Keil::Device:Startup:1.0.0
      Source file:   Device\Source\ARM\STM32L1xx_MD+_OPT.s
      Include file:  Device\Include\stm32l1xx.h
      Source file:   Device\Source\ARM\startup_stm32l1xx_mdp.s
      Source file:   Device\Source\system_stm32l1xx.c

      Source file:   Device\Source\ARM\startup_stm32l1xx_mdp.s
      Source file:   Device\Source\system_stm32l1xx.c
Target not created
RM\startup_stm32l1xx_mdp.s
      Source file:   Device\Source\system_stm32l1xx.c
Target not created
Clean started: Project: 'first'
   deleting intermediate output files for target 'first'
:  #20: identifier "EVAL_COM1" is undefined
    USART_SendData(EVAL_COM1, (uint8_t) ch);
main.c: 8 warnings, 12 errors
compiling stm32l1xx_it.c...
compiling misc.c...
compiling stm32l1xx_adc.c...
compiling stm32l1xx_aes.c...
compiling stm32l1xx_aes_util.c...
compiling stm32l1xx_comp.c...
compiling stm32l1xx_crc.c...
compiling stm32l1xx_dac.c...
compiling stm32l1xx_dbgmcu.c...
compiling stm32l1xx_dma.c...
compiling stm32l1xx_exti.c...
compiling stm32l1xx_flash.c...
compiling stm32l1xx_flash_ramfunc.c...
compiling stm32l1xx_fsmc.c...
compiling stm32l1xx_gpio.c...
compiling stm32l1xx_i2c.c...
compiling stm32l1xx_iwdg.c...
compiling stm32l1xx_lcd.c...
compiling stm32l1xx_opamp.c...
compiling stm32l1xx_pwr.c...
compiling stm32l1xx_rcc.c...
compiling stm32l1xx_rtc.c...
compiling stm32l1xx_sdio.c...
compiling stm32l1xx_spi.c...
compiling stm32l1xx_syscfg.c...
compiling stm32l1xx_tim.c...
compiling stm32l1xx_usart.c...
compiling stm32l1xx_wwdg.c...
assembling startup_stm32l1xx_mdp.s...
compiling system_stm32l1xx.c...
"..\Output\first.axf" - 12 Error(s), 8 Warning(s).

<h2>Software Packages used:</h2>

Package Vendor: Keil
                http://www.keil.com/pack/Keil.STM32L1xx_DFP.1.0.1.pack
                Keil::Device:Startup:1.0.0
                STMicroelectronics STM32L1 Series Device Support and Examples
   * Component: Startup Version: 1.0.0

<h2>Collection of Component include folders:</h2>
  E:\Dropbox\Code\stm32\first\Project\RTE
  C:\Keil_v5\ARM\PACK\Keil\STM32L1xx_DFP\1.0.1\Device\Include

<h2>Collection of Component Files used:</h2>

   * Component: Keil::Device:Startup:1.0.0
      Source file:   Device\Source\ARM\STM32L1xx_MD+_OPT.s
      Include file:  Device\Include\stm32l1xx.h
      Source file:   Device\Source\ARM\startup_stm32l1xx_mdp.s
      Source file:   Device\Source\system_stm32l1xx.c
Target not created
Clean started: Project: 'first'
   deleting intermediate output files for target 'first'
x.h(266): error:  #5: cannot open source input file "core_cm3.h": No such file or directory
  #include "core_cm3.h"
..\Libraries\STM32L1xx_StdPeriph_Driver\src\stm32l1xx_gpio.c: 0 warnings, 1 error
compiling stm32l1xx_i2c.c...
..\Libraries\CMSIS\Device\ST\STM32L1xx\Include\stm32l1xx.h(266): error:  #5: cannot open source input file "core_cm3.h": No such file or directory
  #include "core_cm3.h"
..\Libraries\STM32L1xx_StdPeriph_Driver\src\stm32l1xx_i2c.c: 0 warnings, 1 error
compiling stm32l1xx_iwdg.c...
..\Libraries\CMSIS\Device\ST\STM32L1xx\Include\stm32l1xx.h(266): error:  #5: cannot open source input file "core_cm3.h": No such file or directory
  #include "core_cm3.h"
..\Libraries\STM32L1xx_StdPeriph_Driver\src\stm32l1xx_iwdg.c: 0 warnings, 1 error
compiling stm32l1xx_lcd.c...
..\Libraries\CMSIS\Device\ST\STM32L1xx\Include\stm32l1xx.h(266): error:  #5: cannot open source input file "core_cm3.h": No such file or directory
  #include "core_cm3.h"
..\Libraries\STM32L1xx_StdPeriph_Driver\src\stm32l1xx_lcd.c: 0 warnings, 1 error
compiling stm32l1xx_opamp.c...
..\Libraries\CMSIS\Device\ST\STM32L1xx\Include\stm32l1xx.h(266): error:  #5: cannot open source input file "core_cm3.h": No such file or directory
  #include "core_cm3.h"
..\Libraries\STM32L1xx_StdPeriph_Driver\src\stm32l1xx_opamp.c: 0 warnings, 1 error
compiling stm32l1xx_pwr.c...
..\Libraries\CMSIS\Device\ST\STM32L1xx\Include\stm32l1xx.h(266): error:  #5: cannot open source input file "core_cm3.h": No such file or directory
  #include "core_cm3.h"
..\Libraries\STM32L1xx_StdPeriph_Driver\src\stm32l1xx_pwr.c: 0 warnings, 1 error
compiling stm32l1xx_rcc.c...
..\Libraries\CMSIS\Device\ST\STM32L1xx\Include\stm32l1xx.h(266): error:  #5: cannot open source input file "core_cm3.h": No such file or directory
  #include "core_cm3.h"
..\Libraries\STM32L1xx_StdPeriph_Driver\src\stm32l1xx_rcc.c: 0 warnings, 1 error
compiling stm32l1xx_rtc.c...
..\Libraries\CMSIS\Device\ST\STM32L1xx\Include\stm32l1xx.h(266): error:  #5: cannot open source input file "core_cm3.h": No such file or directory
  #include "core_cm3.h"
..\Libraries\STM32L1xx_StdPeriph_Driver\src\stm32l1xx_rtc.c: 0 warnings, 1 error
compiling stm32l1xx_sdio.c...
..\Libraries\CMSIS\Device\ST\STM32L1xx\Include\stm32l1xx.h(266): error:  #5: cannot open source input file "core_cm3.h": No such file or directory
  #include "core_cm3.h"
..\Libraries\STM32L1xx_StdPeriph_Driver\src\stm32l1xx_sdio.c: 0 warnings, 1 error
compiling stm32l1xx_spi.c...
..\Libraries\CMSIS\Device\ST\STM32L1xx\Include\stm32l1xx.h(266): error:  #5: cannot open source input file "core_cm3.h": No such file or directory
  #include "core_cm3.h"
..\Libraries\STM32L1xx_StdPeriph_Driver\src\stm32l1xx_spi.c: 0 warnings, 1 error
compiling stm32l1xx_syscfg.c...
..\Libraries\CMSIS\Device\ST\STM32L1xx\Include\stm32l1xx.h(266): error:  #5: cannot open source input file "core_cm3.h": No such file or directory
  #include "core_cm3.h"
..\Libraries\STM32L1xx_StdPeriph_Driver\src\stm32l1xx_syscfg.c: 0 warnings, 1 error
compiling stm32l1xx_tim.c...
..\Libraries\CMSIS\Device\ST\STM32L1xx\Include\stm32l1xx.h(266): error:  #5: cannot open source input file "core_cm3.h": No such file or directory
  #include "core_cm3.h"
..\Libraries\STM32L1xx_StdPeriph_Driver\src\stm32l1xx_tim.c: 0 warnings, 1 error
compiling stm32l1xx_usart.c...
..\Libraries\CMSIS\Device\ST\STM32L1xx\Include\stm32l1xx.h(266): error:  #5: cannot open source input file "core_cm3.h": No such file or directory
  #include "core_cm3.h"
..\Libraries\STM32L1xx_StdPeriph_Driver\src\stm32l1xx_usart.c: 0 warnings, 1 error
compiling stm32l1xx_wwdg.c...
..\Libraries\CMSIS\Device\ST\STM32L1xx\Include\stm32l1xx.h(266): error:  #5: cannot open source input file "core_cm3.h": No such file or directory
  #include "core_cm3.h"
..\Libraries\STM32L1xx_StdPeriph_Driver\src\stm32l1xx_wwdg.c: 0 warnings, 1 error
assembling startup_stm32l1xx_mdp.s...
compiling system_stm32l1xx.c...
..\Libraries\CMSIS\Device\ST\STM32L1xx\Include\stm32l1xx.h(266): error:  #5: cannot open source input file "core_cm3.h": No such file or directory
  #include "core_cm3.h"
RTE\Device\STM32L100RC\system_stm32l1xx.c: 0 warnings, 1 error
"..\Output\first.axf" - 30 Error(s), 0 Warning(s).

<h2>Software Packages used:</h2>

Package Vendor: Keil
                http://www.keil.com/pack/Keil.STM32L1xx_DFP.1.0.1.pack
                Keil::Device:Startup:1.0.0
                STMicroelectronics STM32L1 Series Device Support and Examples
   * Component: Startup Version: 1.0.0

<h2>Collection of Component include folders:</h2>
  E:\Dropbox\Code\stm32\first\Project\RTE
  C:\Keil_v5\ARM\PACK\Keil\STM32L1xx_DFP\1.0.1\Device\Include

<h2>Collection of Component Files used:</h2>

   * Component: Keil::Device:Startup:1.0.0
      Source file:   Device\Source\ARM\STM32L1xx_MD+_OPT.s
      Include file:  Device\Include\stm32l1xx.h
      Source file:   Device\Source\ARM\startup_stm32l1xx_mdp.s
      Source file:   Device\Source\system_stm32l1xx.c
Target not created
